
> backend@1.0.0 test
> jest tests/integration/quiz.test.ts

  console.error
    Failed to auto-generate quiz: Error: Quiz validation failed: questions: questions must have between 1 and 5 questions
        at ValidationError.inspect (D:\bookstack\e-library\backend\node_modules\mongoose\lib\error\validation.js:50:26)
        at formatValue (node:internal/util/inspect:877:19)
        at inspect (node:internal/util/inspect:404:10)
        at formatWithOptionsInternal (node:internal/util/inspect:2402:40)
        at format (node:internal/util/inspect:2259:10)
        at console.error (D:\bookstack\e-library\backend\node_modules\@jest\console\build\index.js:288:48)
        at getQuizByBookId (D:\bookstack\e-library\backend\src\controllers\quizController.ts:29:17)
        at processTicksAndRejections (node:internal/process/task_queues:105:5) {
      errors: {
        questions: ValidatorError: questions must have between 1 and 5 questions
            at validate (D:\bookstack\e-library\backend\node_modules\mongoose\lib\schematype.js:1365:13)
            at DocumentArrayPath.SchemaType.doValidate (D:\bookstack\e-library\backend\node_modules\mongoose\lib\schematype.js:1349:7)
            at DocumentArrayPath.doValidate (D:\bookstack\e-library\backend\node_modules\mongoose\lib\schema\documentarray.js:228:37)
            at D:\bookstack\e-library\backend\node_modules\mongoose\lib\document.js:3004:18
            at processTicksAndRejections (node:internal/process/task_queues:85:11) {
          properties: [Object],
          kind: 'user defined',
          path: 'questions',
          value: [],
          reason: undefined,
          [Symbol(mongoose:validatorError)]: true
        }
      },
      _message: 'Quiz validation failed'
    }

    [0m [90m 27 |[39m         quiz [33m=[39m newQuiz[33m.[39mtoObject()[33m;[39m
     [90m 28 |[39m       } [36mcatch[39m (aiError[33m:[39m any) {
    [31m[1m>[22m[39m[90m 29 |[39m         console[33m.[39merror([32m'Failed to auto-generate quiz:'[39m[33m,[39m aiError)[33m;[39m
     [90m    |[39m                 [31m[1m^[22m[39m
     [90m 30 |[39m         [36mreturn[39m res[33m.[39mstatus([35m500[39m)[33m.[39mjson({ message[33m:[39m [32m'Failed to auto-generate quiz: '[39m [33m+[39m aiError[33m.[39mmessage })[33m;[39m
     [90m 31 |[39m       }
     [90m 32 |[39m     }[0m

      at getQuizByBookId (src/controllers/quizController.ts:29:17)

node.exe : FAIL tests/integ
ration/quiz.test.ts (7.156 
s)
At C:\Program 
Files\npm.ps1:29 char:3
+   & $NODE_EXE 
$NPM_CLI_JS $args
+   ~~~~~~~~~~~~~~~~~~~~~~~
~~~~~~
    + CategoryInfo         
     : NotSpecified: (FAI  
  L tests/inte...st.ts (   
 7.156 s):String) [], R    
emoteException
    + FullyQualifiedErrorI 
   d : NativeCommandError
 
  Quiz API Integration 
Tests
    GET 
/api/quizzes/book/:bookId
      ΓêÜ should return 
the quiz without correct 
answers (445 ms)
      ΓêÜ should return 
404 for a book without a 
quiz if book does not 
exist (100 ms)
      ├ù should generate a 
quiz for a valid book 
without a quiz (lazy load) 
(117 ms)
    POST 
/api/quizzes/:quizId/submit
      ΓêÜ should submit a 
quiz successfully and 
calculate the score (93 ms)
    GET /api/quizzes/attemp
ts/book/:bookId
      ΓêÜ should return 
user previous attempts (61 
ms)

  ΓùÅ Quiz API Integration 
Tests ΓÇ║ GET 
/api/quizzes/book/:bookId 
ΓÇ║ should generate a quiz 
for a valid book without a 
quiz (lazy load)

    expect(received).toBe(e
xpected) // Object.is 
equality

    Expected: 200
    Received: 500

    [0m [90m 142 |[39m  
               [33m.[39m
[36mget[39m([32m`/api/qui
zzes/book/${newBook._id}`[
39m)[33m;[39m
     [90m 143 |[39m      
       
    
[31m[1m>[22m[39m[90m 
144 |[39m             expe
ct(res[33m.[39mstatus)[3
3m.[39mtoBe([35m200[39m)
[33m;[39m
     [90m     |[39m      
                          
[31m[1m^[22m[39m
     [90m 145 |[39m      
       expect(res[33m.[39
mbody[33m.[39mquestions[
33m.[39mlength)[33m.[39m
toBe([35m1[39m)[33m;[39
m
     [90m 146 |[39m      
       expect(res[33m.[39
mbody[33m.[39mquestions[
[35m0[39m][33m.[39mquest
ionText)[33m.[39mtoBe([3
2m'Mock generated 
question?'[39m)[33m;[39m
     [90m 147 |[39m      
       [0m

      at 
Object.<anonymous> (tests/i
ntegration/quiz.test.ts:144
:32)

Test Suites: 1 failed, 1 
total
Tests:       1 failed, 4 
passed, 5 total
Snapshots:   0 total
Time:        7.602 s, 
estimated 8 s
Ran all test suites 
matching tests/integration/
quiz.test.ts.
Force exiting Jest: Have 
you considered using 
`--detectOpenHandles` to 
detect async operations 
that kept running after 
all tests finished?
